// Jest Snapshot v1, https://goo.gl/fbAQLP

exports[`withSuspence rendered lazy 1`] = `null`;
